V3 24
FL /home/student2/ajstephe/Desktop/COE758/Project1COE758/cacheController.vhd 2022/10/27.18:07:22 O.87xd
EN work/cacheController 1666908459 \
      FL /home/student2/ajstephe/Desktop/COE758/Project1COE758/cacheController.vhd \
      PB ieee/std_logic_1164 1325952872 PB ieee/NUMERIC_STD 1325952877
AR work/CacheController/Behavioral 1666908460 \
      FL /home/student2/ajstephe/Desktop/COE758/Project1COE758/cacheController.vhd \
      EN work/cacheController 1666908459 CP CPU_gen CP BlockRAM CP SRAM CP icon \
      CP ila
FL /home/student2/ajstephe/Desktop/COE758/Project1COE758/cpu_gen.vhd 2022/10/27.10:36:25 O.87xd
EN work/CPU_gen 1666908449 \
      FL /home/student2/ajstephe/Desktop/COE758/Project1COE758/cpu_gen.vhd \
      PB ieee/std_logic_1164 1325952872 PB ieee/std_logic_arith 1325952873 \
      PB ieee/STD_LOGIC_UNSIGNED 1325952875
AR work/cpu_gen/Behavioral 1666908450 \
      FL /home/student2/ajstephe/Desktop/COE758/Project1COE758/cpu_gen.vhd \
      EN work/CPU_gen 1666908449 PB ieee/STD_LOGIC_UNSIGNED 1325952875
FL /home/student2/ajstephe/Desktop/COE758/Project1COE758/ipcore_dir/icon.vhd 2022/10/27.10:57:00 O.87xd
EN work/icon 1666908455 \
      FL /home/student2/ajstephe/Desktop/COE758/Project1COE758/ipcore_dir/icon.vhd \
      PB ieee/std_logic_1164 1325952872
AR work/icon/icon_a 1666908456 \
      FL /home/student2/ajstephe/Desktop/COE758/Project1COE758/ipcore_dir/icon.vhd \
      EN work/icon 1666908455
FL /home/student2/ajstephe/Desktop/COE758/Project1COE758/ipcore_dir/ila.vhd 2022/10/27.11:12:58 O.87xd
EN work/ila 1666908457 \
      FL /home/student2/ajstephe/Desktop/COE758/Project1COE758/ipcore_dir/ila.vhd \
      PB ieee/std_logic_1164 1325952872
AR work/ila/ila_a 1666908458 \
      FL /home/student2/ajstephe/Desktop/COE758/Project1COE758/ipcore_dir/ila.vhd \
      EN work/ila 1666908457
FL /home/student2/ajstephe/Desktop/COE758/Project1COE758/ipcore_dir/SRAM.vhd 2022/10/27.11:25:00 O.87xd
EN work/SRAM 1666908453 \
      FL /home/student2/ajstephe/Desktop/COE758/Project1COE758/ipcore_dir/SRAM.vhd \
      PB ieee/std_logic_1164 1325952872
AR work/SRAM/SRAM_a 1666908454 \
      FL /home/student2/ajstephe/Desktop/COE758/Project1COE758/ipcore_dir/SRAM.vhd \
      EN work/SRAM 1666908453
FL /home/student2/ajstephe/Desktop/COE758/Project1COE758/SDRAM.vhd 2022/10/27.18:05:03 O.87xd
EN work/BlockRAM 1666908451 \
      FL /home/student2/ajstephe/Desktop/COE758/Project1COE758/SDRAM.vhd \
      PB ieee/std_logic_1164 1325952872 PB ieee/NUMERIC_STD 1325952877
AR work/BlockRAM/Behavioral 1666908452 \
      FL /home/student2/ajstephe/Desktop/COE758/Project1COE758/SDRAM.vhd \
      EN work/BlockRAM 1666908451
FL /home/student2/ajstephe/Desktop/COE758/Project1COE758/SRAM.vhd 2022/10/27.11:15:15 O.87xd
